[*] macOS detected. Configuring SDK paths and PATH order...
[*] SDKROOT is set to: /Applications/Xcode.app/Contents/Developer/Platforms/MacOSX.platform/Developer/SDKs/MacOSX.sdk
==========================================================
      Adelaide_Lite Formal Test & Verification Suite      
==========================================================
